// Jest Snapshot v1, https://goo.gl/fbAQLP

exports[`Counter Snapshot 1`] = `ReactWrapper {}`;
