// Jest Snapshot v1, https://goo.gl/fbAQLP

exports[`Toast Snapshot 1`] = `ReactWrapper {}`;
