// Jest Snapshot v1, https://goo.gl/fbAQLP

exports[`Nav Snapshot 1`] = `ReactWrapper {}`;
