// Jest Snapshot v1, https://goo.gl/fbAQLP

exports[`Btn Snapshot 1`] = `ReactWrapper {}`;
