// Jest Snapshot v1, https://goo.gl/fbAQLP

exports[`UserList Snapshot 1`] = `ReactWrapper {}`;
