// Jest Snapshot v1, https://goo.gl/fbAQLP

exports[`App Snapshot 1`] = `ReactWrapper {}`;
