// Jest Snapshot v1, https://goo.gl/fbAQLP

exports[`Address Snapshot 1`] = `ReactWrapper {}`;
