// Jest Snapshot v1, https://goo.gl/fbAQLP

exports[`User Snapshot 1`] = `ReactWrapper {}`;
